// Jest Snapshot v1, https://goo.gl/fbAQLP

exports[`Pruebas componenete GifItem Debe hacer match con el snapshot 1`] = `
<div>
  <div
    class="card"
  >
    <img
      alt="Saitama"
      src="https://www.url.com/"
    />
    <p>
      Saitama
    </p>
  </div>
</div>
`;
